[14:47:27] Elevated child: scanning for node.exe Block-Inbound rules ...
[14:47:30] Found 8 Block-Inbound rule(s) to disable:
[14:47:30]   - 'Node.js JavaScript Runtime' Profile=Public
[14:47:30]       Program: C:\program files\nodejs\node.exe
[14:47:30]   - 'Node.js JavaScript Runtime' Profile=Public
[14:47:30]       Program: C:\program files\nodejs\node.exe
[14:47:30]   - 'Node.js JavaScript Runtime' Profile=Public
[14:47:30]       Program: B:\playerbuild\chiral network channel\runtime\node.exe
[14:47:30]   - 'Node.js JavaScript Runtime' Profile=Public
[14:47:30]       Program: B:\playerbuild\chiral network channel\runtime\node.exe
[14:47:30]   - 'Node.js JavaScript Runtime' Profile=Public
[14:47:30]       Program: B:\ds124network\runtime\node.exe
[14:47:30]   - 'Node.js JavaScript Runtime' Profile=Public
[14:47:30]       Program: B:\ds124network\runtime\node.exe
[14:47:30]   - 'Node.js JavaScript Runtime' Profile=Public
[14:47:30]       Program: B:\ds124deploytest\chiral network channel\runtime\node.exe
[14:47:30]   - 'Node.js JavaScript Runtime' Profile=Public
[14:47:30]       Program: B:\ds124deploytest\chiral network channel\runtime\node.exe
[14:47:30] 
[14:47:30] Disabling ...
[14:47:31]   disabled: 'Node.js JavaScript Runtime' Profile=Public
[14:47:31]   disabled: 'Node.js JavaScript Runtime' Profile=Public
[14:47:31]   disabled: 'Node.js JavaScript Runtime' Profile=Public
[14:47:31]   disabled: 'Node.js JavaScript Runtime' Profile=Public
[14:47:31]   disabled: 'Node.js JavaScript Runtime' Profile=Public
[14:47:31]   disabled: 'Node.js JavaScript Runtime' Profile=Public
[14:47:31]   disabled: 'Node.js JavaScript Runtime' Profile=Public
[14:47:31]   disabled: 'Node.js JavaScript Runtime' Profile=Public
[14:47:31] 
[14:47:31] Done. Test phone connection now.
[14:47:31] Rules are Disabled, not Deleted -- to undo, run in admin PS:
[14:47:31]   Get-NetFirewallRule -DisplayName 'Node.js JavaScript Runtime' | Where-Object { -not .Enabled } | Enable-NetFirewallRule
